// Jest Snapshot v1, https://goo.gl/fbAQLP

exports[`<List /> should return list with 4 elements 1`] = `ShallowWrapper {}`;

exports[`<ListItem /> should return item list with button 1`] = `ShallowWrapper {}`;

exports[`<ListItem /> should return item list without button 1`] = `ShallowWrapper {}`;
